// Vitest Snapshot v1, https://vitest.dev/guide/snapshot.html

exports[`momentum harness — unchanged by the refactor > synthetic replay, every variant, matches the pre-refactor snapshot 1`] = `
[
  {
    "stats": {
      "avgNetR": -0.598,
      "maxDrawdownR": 11.137,
      "profitFactor": 0.331,
      "totalNetR": -9.568,
      "trades": 16,
      "winRate": 0.188,
    },
    "trades": [
      {
        "date": "2026-01-16",
        "decidedAt": "2026-01-16T04:45:00.000Z",
        "exit": "TARGET",
        "exitAt": "2026-01-16T06:00:00.000Z",
        "exitPrice": 20048.78,
        "grossR": 1.669,
        "hour": 10,
        "netR": 1.569,
        "signal": {
          "atr": 21.19,
          "barTime": 1768537800000,
          "closeLocation": 0.33,
          "direction": "BEARISH",
          "entry": 20077.315543936566,
          "levelKind": "DAY_LOW",
          "levelPrice": 20089.12,
          "quality": 81,
          "rUnderlying": 1.67,
          "rangeMult": 1.47,
          "stop": 20094.41,
          "target": 20048.78,
          "targetKind": "PIVOT_S1",
          "variantId": "R1.2-V1.5",
          "volMult": 4.55,
        },
        "symbol": "SYNTH",
      },
      {
        "date": "2026-01-16",
        "decidedAt": "2026-01-16T06:30:00.000Z",
        "exit": "STOP",
        "exitAt": "2026-01-16T07:45:00.000Z",
        "exitPrice": 20093.46,
        "grossR": -1,
        "hour": 12,
        "netR": -1.1,
        "signal": {
          "atr": 20.33,
          "barTime": 1768544100000,
          "closeLocation": 0.1,
          "direction": "BULLISH",
          "entry": 20109.200843395665,
          "levelKind": "OPENING_RANGE_LOW",
          "levelPrice": 20098.54,
          "quality": 93,
          "rUnderlying": 2.74,
          "rangeMult": 2.66,
          "stop": 20093.46,
          "target": 20152.31,
          "targetKind": "PREV_DAY_HIGH",
          "variantId": "R1.2-V1.5",
          "volMult": 4.26,
        },
        "symbol": "SYNTH",
      },
      {
        "date": "2026-01-28",
        "decidedAt": "2026-01-28T05:30:00.000Z",
        "exit": "STOP",
        "exitAt": "2026-01-28T05:45:00.000Z",
        "exitPrice": 20150.94,
        "grossR": -1,
        "hour": 11,
        "netR": -1.1,
        "signal": {
          "atr": 20.34,
          "barTime": 1769577300000,
          "closeLocation": 0.14,
          "direction": "BEARISH",
          "entry": 20140.77084282413,
          "levelKind": "DAY_LOW",
          "levelPrice": 20144.69,
          "quality": 92,
          "rUnderlying": 2.54,
          "rangeMult": 4.3,
          "stop": 20150.94,
          "target": 20114.94,
          "targetKind": "PIVOT_S1",
          "variantId": "R1.2-V1.5",
          "volMult": 4.63,
        },
        "symbol": "SYNTH",
      },
      {
        "date": "2026-01-30",
        "decidedAt": "2026-01-30T06:45:00.000Z",
        "exit": "STOP",
        "exitAt": "2026-01-30T08:00:00.000Z",
        "exitPrice": 20161.11,
        "grossR": -1,
        "hour": 12,
        "netR": -1.1,
        "signal": {
          "atr": 23.03,
          "barTime": 1769754600000,
          "closeLocation": 0.05,
          "direction": "BEARISH",
          "entry": 20146.561659881845,
          "levelKind": "PIVOT_R1",
          "levelPrice": 20155.35,
          "quality": 94,
          "rUnderlying": 2.63,
          "rangeMult": 3.46,
          "stop": 20161.11,
          "target": 20108.33,
          "targetKind": "OPENING_RANGE_HIGH",
          "variantId": "R1.2-V1.5",
          "volMult": 4.12,
        },
        "symbol": "SYNTH",
      },
      {
        "date": "2026-01-30",
        "decidedAt": "2026-01-30T08:15:00.000Z",
        "exit": "SESSION_END",
        "exitAt": "2026-01-30T10:00:00.000Z",
        "exitPrice": 20064.039747286588,
        "grossR": 1.561,
        "hour": 13,
        "netR": 1.461,
        "signal": {
          "atr": 26.31,
          "barTime": 1769760000000,
          "closeLocation": 0.09,
          "direction": "BEARISH",
          "entry": 20095.04951186478,
          "levelKind": "OPENING_RANGE_HIGH",
          "levelPrice": 20108.33,
          "quality": 93,
          "rUnderlying": 2.97,
          "rangeMult": 2.61,
          "stop": 20114.91,
          "target": 20036.08,
          "targetKind": "PREV_DAY_LOW",
          "variantId": "R1.2-V1.5",
          "volMult": 4.07,
        },
        "symbol": "SYNTH",
      },
      {
        "date": "2026-02-12",
        "decidedAt": "2026-02-12T07:45:00.000Z",
        "exit": "STOP",
        "exitAt": "2026-02-12T09:15:00.000Z",
        "exitPrice": 20149.74,
        "grossR": -1,
        "hour": 13,
        "netR": -1.1,
        "signal": {
          "atr": 21.67,
          "barTime": 1770881400000,
          "closeLocation": 0.07,
          "direction": "BULLISH",
          "entry": 20171.584055600688,
          "levelKind": "PIVOT_S1",
          "levelPrice": 20155.16,
          "quality": 89,
          "rUnderlying": 1.78,
          "rangeMult": 1.82,
          "stop": 20149.74,
          "target": 20210.51,
          "targetKind": "OPENING_RANGE_HIGH",
          "variantId": "R1.2-V1.5",
          "volMult": 4.66,
        },
        "symbol": "SYNTH",
      },
      {
        "date": "2026-02-16",
        "decidedAt": "2026-02-16T06:00:00.000Z",
        "exit": "STOP",
        "exitAt": "2026-02-16T06:15:00.000Z",
        "exitPrice": 20043.52,
        "grossR": -1,
        "hour": 11,
        "netR": -1.1,
        "signal": {
          "atr": 25.28,
          "barTime": 1771220700000,
          "closeLocation": 0.15,
          "direction": "BEARISH",
          "entry": 20024.660653313622,
          "levelKind": "PREV_DAY_LOW",
          "levelPrice": 20037.2,
          "quality": 91,
          "rUnderlying": 1.53,
          "rangeMult": 2.76,
          "stop": 20043.52,
          "target": 19995.79,
          "targetKind": "PIVOT_S1",
          "variantId": "R1.2-V1.5",
          "volMult": 4.72,
        },
        "symbol": "SYNTH",
      },
      {
        "date": "2026-02-19",
        "decidedAt": "2026-02-19T07:15:00.000Z",
        "exit": "STOP",
        "exitAt": "2026-02-19T07:45:00.000Z",
        "exitPrice": 19781.73,
        "grossR": -1,
        "hour": 12,
        "netR": -1.1,
        "signal": {
          "atr": 22.12,
          "barTime": 1771484400000,
          "closeLocation": 0.13,
          "direction": "BULLISH",
          "entry": 19795.00267645344,
          "levelKind": "PIVOT_S1",
          "levelPrice": 19787.27,
          "quality": 92,
          "rUnderlying": 2.75,
          "rangeMult": 3.26,
          "stop": 19781.73,
          "target": 19831.51,
          "targetKind": "OPENING_RANGE_HIGH",
          "variantId": "R1.2-V1.5",
          "volMult": 4.9,
        },
        "symbol": "SYNTH",
      },
      {
        "date": "2026-02-23",
        "decidedAt": "2026-02-23T06:15:00.000Z",
        "exit": "STOP",
        "exitAt": "2026-02-23T06:30:00.000Z",
        "exitPrice": 19768.22,
        "grossR": -1,
        "hour": 11,
        "netR": -1.1,
        "signal": {
          "atr": 25.62,
          "barTime": 1771826400000,
          "closeLocation": 0.1,
          "direction": "BULLISH",
          "entry": 19781.02836525999,
          "levelKind": "OPENING_RANGE_LOW",
          "levelPrice": 19777.84,
          "quality": 93,
          "rUnderlying": 1.78,
          "rangeMult": 3.17,
          "stop": 19768.22,
          "target": 19803.78,
          "targetKind": "OPENING_RANGE_HIGH",
          "variantId": "R1.2-V1.5",
          "volMult": 3.91,
        },
        "symbol": "SYNTH",
      },
      {
        "date": "2026-02-24",
        "decidedAt": "2026-02-24T08:00:00.000Z",
        "exit": "TARGET",
        "exitAt": "2026-02-24T08:30:00.000Z",
        "exitPrice": 19746.51,
        "grossR": 1.802,
        "hour": 13,
        "netR": 1.702,
        "signal": {
          "atr": 23.22,
          "barTime": 1771919100000,
          "closeLocation": 0.2,
          "direction": "BULLISH",
          "entry": 19721.660749623552,
          "levelKind": "SWING_LOW",
          "levelPrice": 19713.67,
          "quality": 90,
          "rUnderlying": 1.8,
          "rangeMult": 2.42,
          "stop": 19707.87,
          "target": 19746.51,
          "targetKind": "SWING_HIGH",
          "variantId": "R1.2-V1.5",
          "volMult": 3.19,
        },
        "symbol": "SYNTH",
      },
      {
        "date": "2026-02-26",
        "decidedAt": "2026-02-26T04:45:00.000Z",
        "exit": "STOP",
        "exitAt": "2026-02-26T07:45:00.000Z",
        "exitPrice": 19547.99,
        "grossR": -1,
        "hour": 10,
        "netR": -1.1,
        "signal": {
          "atr": 25.75,
          "barTime": 1772080200000,
          "closeLocation": 0.07,
          "direction": "BULLISH",
          "entry": 19575.540895005688,
          "levelKind": "OPENING_RANGE_HIGH",
          "levelPrice": 19554.43,
          "quality": 92,
          "rUnderlying": 1.67,
          "rangeMult": 2.2,
          "stop": 19547.99,
          "target": 19621.47,
          "targetKind": "SWING_LOW",
          "variantId": "R1.2-V1.5",
          "volMult": 4.07,
        },
        "symbol": "SYNTH",
      },
      {
        "date": "2026-03-02",
        "decidedAt": "2026-03-02T07:30:00.000Z",
        "exit": "STOP",
        "exitAt": "2026-03-02T08:45:00.000Z",
        "exitPrice": 19542.24,
        "grossR": -1,
        "hour": 13,
        "netR": -1.1,
        "signal": {
          "atr": 21.39,
          "barTime": 1772435700000,
          "closeLocation": 0.25,
          "direction": "BULLISH",
          "entry": 19555.39928412065,
          "levelKind": "OPENING_RANGE_LOW",
          "levelPrice": 19547.59,
          "quality": 87,
          "rUnderlying": 2.55,
          "rangeMult": 2.15,
          "stop": 19542.24,
          "target": 19589.01,
          "targetKind": "OPENING_RANGE_HIGH",
          "variantId": "R1.2-V1.5",
          "volMult": 3.83,
        },
        "symbol": "SYNTH",
      },
      {
        "date": "2026-03-09",
        "decidedAt": "2026-03-09T05:15:00.000Z",
        "exit": "STOP",
        "exitAt": "2026-03-09T05:30:00.000Z",
        "exitPrice": 19734.94,
        "grossR": -1,
        "hour": 10,
        "netR": -1.1,
        "signal": {
          "atr": 22.67,
          "barTime": 1773032400000,
          "closeLocation": 0.08,
          "direction": "BEARISH",
          "entry": 19719.37512487173,
          "levelKind": "DAY_LOW",
          "levelPrice": 19729.27,
          "quality": 91,
          "rUnderlying": 3.82,
          "rangeMult": 2.04,
          "stop": 19734.94,
          "target": 19659.97,
          "targetKind": "PIVOT_S1",
          "variantId": "R1.2-V1.5",
          "volMult": 4.12,
        },
        "symbol": "SYNTH",
      },
      {
        "date": "2026-03-10",
        "decidedAt": "2026-03-10T04:45:00.000Z",
        "exit": "STOP",
        "exitAt": "2026-03-10T06:30:00.000Z",
        "exitPrice": 19617.73,
        "grossR": -1,
        "hour": 10,
        "netR": -1.1,
        "signal": {
          "atr": 23.82,
          "barTime": 1773117000000,
          "closeLocation": 0.12,
          "direction": "BULLISH",
          "entry": 19647.162160761654,
          "levelKind": "SWING_HIGH",
          "levelPrice": 19623.69,
          "quality": 90,
          "rUnderlying": 2.33,
          "rangeMult": 2.16,
          "stop": 19617.73,
          "target": 19715.84,
          "targetKind": "PIVOT_R1",
          "variantId": "R1.2-V1.5",
          "volMult": 4.3,
        },
        "symbol": "SYNTH",
      },
      {
        "date": "2026-03-24",
        "decidedAt": "2026-03-24T09:00:00.000Z",
        "exit": "STOP",
        "exitAt": "2026-03-24T09:15:00.000Z",
        "exitPrice": 19238.79,
        "grossR": -1,
        "hour": 14,
        "netR": -1.1,
        "signal": {
          "atr": 24.29,
          "barTime": 1774341900000,
          "closeLocation": 0.07,
          "direction": "BEARISH",
          "entry": 19223.834954379126,
          "levelKind": "DAY_LOW",
          "levelPrice": 19232.72,
          "quality": 93,
          "rUnderlying": 2.1,
          "rangeMult": 3.23,
          "stop": 19238.79,
          "target": 19192.43,
          "targetKind": "PREV_DAY_LOW",
          "variantId": "R1.2-V1.5",
          "volMult": 4.75,
        },
        "symbol": "SYNTH",
      },
      {
        "date": "2026-03-27",
        "decidedAt": "2026-03-27T08:45:00.000Z",
        "exit": "STOP",
        "exitAt": "2026-03-27T09:00:00.000Z",
        "exitPrice": 19360.94,
        "grossR": -1,
        "hour": 14,
        "netR": -1.1,
        "signal": {
          "atr": 19.19,
          "barTime": 1774600200000,
          "closeLocation": 0.17,
          "direction": "BULLISH",
          "entry": 19373.70217444375,
          "levelKind": "OPENING_RANGE_LOW",
          "levelPrice": 19365.73,
          "quality": 91,
          "rUnderlying": 1.97,
          "rangeMult": 2.98,
          "stop": 19360.94,
          "target": 19398.91,
          "targetKind": "DAY_HIGH",
          "variantId": "R1.2-V1.5",
          "volMult": 4.4,
        },
        "symbol": "SYNTH",
      },
    ],
    "variant": "R1.2-V1.5",
  },
  {
    "stats": {
      "avgNetR": -0.598,
      "maxDrawdownR": 11.137,
      "profitFactor": 0.331,
      "totalNetR": -9.568,
      "trades": 16,
      "winRate": 0.188,
    },
    "trades": [
      {
        "date": "2026-01-16",
        "decidedAt": "2026-01-16T04:45:00.000Z",
        "exit": "TARGET",
        "exitAt": "2026-01-16T06:00:00.000Z",
        "exitPrice": 20048.78,
        "grossR": 1.669,
        "hour": 10,
        "netR": 1.569,
        "signal": {
          "atr": 21.19,
          "barTime": 1768537800000,
          "closeLocation": 0.33,
          "direction": "BEARISH",
          "entry": 20077.315543936566,
          "levelKind": "DAY_LOW",
          "levelPrice": 20089.12,
          "quality": 81,
          "rUnderlying": 1.67,
          "rangeMult": 1.47,
          "stop": 20094.41,
          "target": 20048.78,
          "targetKind": "PIVOT_S1",
          "variantId": "R1.2-V2.0",
          "volMult": 4.55,
        },
        "symbol": "SYNTH",
      },
      {
        "date": "2026-01-16",
        "decidedAt": "2026-01-16T06:30:00.000Z",
        "exit": "STOP",
        "exitAt": "2026-01-16T07:45:00.000Z",
        "exitPrice": 20093.46,
        "grossR": -1,
        "hour": 12,
        "netR": -1.1,
        "signal": {
          "atr": 20.33,
          "barTime": 1768544100000,
          "closeLocation": 0.1,
          "direction": "BULLISH",
          "entry": 20109.200843395665,
          "levelKind": "OPENING_RANGE_LOW",
          "levelPrice": 20098.54,
          "quality": 93,
          "rUnderlying": 2.74,
          "rangeMult": 2.66,
          "stop": 20093.46,
          "target": 20152.31,
          "targetKind": "PREV_DAY_HIGH",
          "variantId": "R1.2-V2.0",
          "volMult": 4.26,
        },
        "symbol": "SYNTH",
      },
      {
        "date": "2026-01-28",
        "decidedAt": "2026-01-28T05:30:00.000Z",
        "exit": "STOP",
        "exitAt": "2026-01-28T05:45:00.000Z",
        "exitPrice": 20150.94,
        "grossR": -1,
        "hour": 11,
        "netR": -1.1,
        "signal": {
          "atr": 20.34,
          "barTime": 1769577300000,
          "closeLocation": 0.14,
          "direction": "BEARISH",
          "entry": 20140.77084282413,
          "levelKind": "DAY_LOW",
          "levelPrice": 20144.69,
          "quality": 92,
          "rUnderlying": 2.54,
          "rangeMult": 4.3,
          "stop": 20150.94,
          "target": 20114.94,
          "targetKind": "PIVOT_S1",
          "variantId": "R1.2-V2.0",
          "volMult": 4.63,
        },
        "symbol": "SYNTH",
      },
      {
        "date": "2026-01-30",
        "decidedAt": "2026-01-30T06:45:00.000Z",
        "exit": "STOP",
        "exitAt": "2026-01-30T08:00:00.000Z",
        "exitPrice": 20161.11,
        "grossR": -1,
        "hour": 12,
        "netR": -1.1,
        "signal": {
          "atr": 23.03,
          "barTime": 1769754600000,
          "closeLocation": 0.05,
          "direction": "BEARISH",
          "entry": 20146.561659881845,
          "levelKind": "PIVOT_R1",
          "levelPrice": 20155.35,
          "quality": 94,
          "rUnderlying": 2.63,
          "rangeMult": 3.46,
          "stop": 20161.11,
          "target": 20108.33,
          "targetKind": "OPENING_RANGE_HIGH",
          "variantId": "R1.2-V2.0",
          "volMult": 4.12,
        },
        "symbol": "SYNTH",
      },
      {
        "date": "2026-01-30",
        "decidedAt": "2026-01-30T08:15:00.000Z",
        "exit": "SESSION_END",
        "exitAt": "2026-01-30T10:00:00.000Z",
        "exitPrice": 20064.039747286588,
        "grossR": 1.561,
        "hour": 13,
        "netR": 1.461,
        "signal": {
          "atr": 26.31,
          "barTime": 1769760000000,
          "closeLocation": 0.09,
          "direction": "BEARISH",
          "entry": 20095.04951186478,
          "levelKind": "OPENING_RANGE_HIGH",
          "levelPrice": 20108.33,
          "quality": 93,
          "rUnderlying": 2.97,
          "rangeMult": 2.61,
          "stop": 20114.91,
          "target": 20036.08,
          "targetKind": "PREV_DAY_LOW",
          "variantId": "R1.2-V2.0",
          "volMult": 4.07,
        },
        "symbol": "SYNTH",
      },
      {
        "date": "2026-02-12",
        "decidedAt": "2026-02-12T07:45:00.000Z",
        "exit": "STOP",
        "exitAt": "2026-02-12T09:15:00.000Z",
        "exitPrice": 20149.74,
        "grossR": -1,
        "hour": 13,
        "netR": -1.1,
        "signal": {
          "atr": 21.67,
          "barTime": 1770881400000,
          "closeLocation": 0.07,
          "direction": "BULLISH",
          "entry": 20171.584055600688,
          "levelKind": "PIVOT_S1",
          "levelPrice": 20155.16,
          "quality": 89,
          "rUnderlying": 1.78,
          "rangeMult": 1.82,
          "stop": 20149.74,
          "target": 20210.51,
          "targetKind": "OPENING_RANGE_HIGH",
          "variantId": "R1.2-V2.0",
          "volMult": 4.66,
        },
        "symbol": "SYNTH",
      },
      {
        "date": "2026-02-16",
        "decidedAt": "2026-02-16T06:00:00.000Z",
        "exit": "STOP",
        "exitAt": "2026-02-16T06:15:00.000Z",
        "exitPrice": 20043.52,
        "grossR": -1,
        "hour": 11,
        "netR": -1.1,
        "signal": {
          "atr": 25.28,
          "barTime": 1771220700000,
          "closeLocation": 0.15,
          "direction": "BEARISH",
          "entry": 20024.660653313622,
          "levelKind": "PREV_DAY_LOW",
          "levelPrice": 20037.2,
          "quality": 91,
          "rUnderlying": 1.53,
          "rangeMult": 2.76,
          "stop": 20043.52,
          "target": 19995.79,
          "targetKind": "PIVOT_S1",
          "variantId": "R1.2-V2.0",
          "volMult": 4.72,
        },
        "symbol": "SYNTH",
      },
      {
        "date": "2026-02-19",
        "decidedAt": "2026-02-19T07:15:00.000Z",
        "exit": "STOP",
        "exitAt": "2026-02-19T07:45:00.000Z",
        "exitPrice": 19781.73,
        "grossR": -1,
        "hour": 12,
        "netR": -1.1,
        "signal": {
          "atr": 22.12,
          "barTime": 1771484400000,
          "closeLocation": 0.13,
          "direction": "BULLISH",
          "entry": 19795.00267645344,
          "levelKind": "PIVOT_S1",
          "levelPrice": 19787.27,
          "quality": 92,
          "rUnderlying": 2.75,
          "rangeMult": 3.26,
          "stop": 19781.73,
          "target": 19831.51,
          "targetKind": "OPENING_RANGE_HIGH",
          "variantId": "R1.2-V2.0",
          "volMult": 4.9,
        },
        "symbol": "SYNTH",
      },
      {
        "date": "2026-02-23",
        "decidedAt": "2026-02-23T06:15:00.000Z",
        "exit": "STOP",
        "exitAt": "2026-02-23T06:30:00.000Z",
        "exitPrice": 19768.22,
        "grossR": -1,
        "hour": 11,
        "netR": -1.1,
        "signal": {
          "atr": 25.62,
          "barTime": 1771826400000,
          "closeLocation": 0.1,
          "direction": "BULLISH",
          "entry": 19781.02836525999,
          "levelKind": "OPENING_RANGE_LOW",
          "levelPrice": 19777.84,
          "quality": 92,
          "rUnderlying": 1.78,
          "rangeMult": 3.17,
          "stop": 19768.22,
          "target": 19803.78,
          "targetKind": "OPENING_RANGE_HIGH",
          "variantId": "R1.2-V2.0",
          "volMult": 3.91,
        },
        "symbol": "SYNTH",
      },
      {
        "date": "2026-02-24",
        "decidedAt": "2026-02-24T08:00:00.000Z",
        "exit": "TARGET",
        "exitAt": "2026-02-24T08:30:00.000Z",
        "exitPrice": 19746.51,
        "grossR": 1.802,
        "hour": 13,
        "netR": 1.702,
        "signal": {
          "atr": 23.22,
          "barTime": 1771919100000,
          "closeLocation": 0.2,
          "direction": "BULLISH",
          "entry": 19721.660749623552,
          "levelKind": "SWING_LOW",
          "levelPrice": 19713.67,
          "quality": 87,
          "rUnderlying": 1.8,
          "rangeMult": 2.42,
          "stop": 19707.87,
          "target": 19746.51,
          "targetKind": "SWING_HIGH",
          "variantId": "R1.2-V2.0",
          "volMult": 3.19,
        },
        "symbol": "SYNTH",
      },
      {
        "date": "2026-02-26",
        "decidedAt": "2026-02-26T04:45:00.000Z",
        "exit": "STOP",
        "exitAt": "2026-02-26T07:45:00.000Z",
        "exitPrice": 19547.99,
        "grossR": -1,
        "hour": 10,
        "netR": -1.1,
        "signal": {
          "atr": 25.75,
          "barTime": 1772080200000,
          "closeLocation": 0.07,
          "direction": "BULLISH",
          "entry": 19575.540895005688,
          "levelKind": "OPENING_RANGE_HIGH",
          "levelPrice": 19554.43,
          "quality": 92,
          "rUnderlying": 1.67,
          "rangeMult": 2.2,
          "stop": 19547.99,
          "target": 19621.47,
          "targetKind": "SWING_LOW",
          "variantId": "R1.2-V2.0",
          "volMult": 4.07,
        },
        "symbol": "SYNTH",
      },
      {
        "date": "2026-03-02",
        "decidedAt": "2026-03-02T07:30:00.000Z",
        "exit": "STOP",
        "exitAt": "2026-03-02T08:45:00.000Z",
        "exitPrice": 19542.24,
        "grossR": -1,
        "hour": 13,
        "netR": -1.1,
        "signal": {
          "atr": 21.39,
          "barTime": 1772435700000,
          "closeLocation": 0.25,
          "direction": "BULLISH",
          "entry": 19555.39928412065,
          "levelKind": "OPENING_RANGE_LOW",
          "levelPrice": 19547.59,
          "quality": 87,
          "rUnderlying": 2.55,
          "rangeMult": 2.15,
          "stop": 19542.24,
          "target": 19589.01,
          "targetKind": "OPENING_RANGE_HIGH",
          "variantId": "R1.2-V2.0",
          "volMult": 3.83,
        },
        "symbol": "SYNTH",
      },
      {
        "date": "2026-03-09",
        "decidedAt": "2026-03-09T05:15:00.000Z",
        "exit": "STOP",
        "exitAt": "2026-03-09T05:30:00.000Z",
        "exitPrice": 19734.94,
        "grossR": -1,
        "hour": 10,
        "netR": -1.1,
        "signal": {
          "atr": 22.67,
          "barTime": 1773032400000,
          "closeLocation": 0.08,
          "direction": "BEARISH",
          "entry": 19719.37512487173,
          "levelKind": "DAY_LOW",
          "levelPrice": 19729.27,
          "quality": 91,
          "rUnderlying": 3.82,
          "rangeMult": 2.04,
          "stop": 19734.94,
          "target": 19659.97,
          "targetKind": "PIVOT_S1",
          "variantId": "R1.2-V2.0",
          "volMult": 4.12,
        },
        "symbol": "SYNTH",
      },
      {
        "date": "2026-03-10",
        "decidedAt": "2026-03-10T04:45:00.000Z",
        "exit": "STOP",
        "exitAt": "2026-03-10T06:30:00.000Z",
        "exitPrice": 19617.73,
        "grossR": -1,
        "hour": 10,
        "netR": -1.1,
        "signal": {
          "atr": 23.82,
          "barTime": 1773117000000,
          "closeLocation": 0.12,
          "direction": "BULLISH",
          "entry": 19647.162160761654,
          "levelKind": "SWING_HIGH",
          "levelPrice": 19623.69,
          "quality": 90,
          "rUnderlying": 2.33,
          "rangeMult": 2.16,
          "stop": 19617.73,
          "target": 19715.84,
          "targetKind": "PIVOT_R1",
          "variantId": "R1.2-V2.0",
          "volMult": 4.3,
        },
        "symbol": "SYNTH",
      },
      {
        "date": "2026-03-24",
        "decidedAt": "2026-03-24T09:00:00.000Z",
        "exit": "STOP",
        "exitAt": "2026-03-24T09:15:00.000Z",
        "exitPrice": 19238.79,
        "grossR": -1,
        "hour": 14,
        "netR": -1.1,
        "signal": {
          "atr": 24.29,
          "barTime": 1774341900000,
          "closeLocation": 0.07,
          "direction": "BEARISH",
          "entry": 19223.834954379126,
          "levelKind": "DAY_LOW",
          "levelPrice": 19232.72,
          "quality": 93,
          "rUnderlying": 2.1,
          "rangeMult": 3.23,
          "stop": 19238.79,
          "target": 19192.43,
          "targetKind": "PREV_DAY_LOW",
          "variantId": "R1.2-V2.0",
          "volMult": 4.75,
        },
        "symbol": "SYNTH",
      },
      {
        "date": "2026-03-27",
        "decidedAt": "2026-03-27T08:45:00.000Z",
        "exit": "STOP",
        "exitAt": "2026-03-27T09:00:00.000Z",
        "exitPrice": 19360.94,
        "grossR": -1,
        "hour": 14,
        "netR": -1.1,
        "signal": {
          "atr": 19.19,
          "barTime": 1774600200000,
          "closeLocation": 0.17,
          "direction": "BULLISH",
          "entry": 19373.70217444375,
          "levelKind": "OPENING_RANGE_LOW",
          "levelPrice": 19365.73,
          "quality": 91,
          "rUnderlying": 1.97,
          "rangeMult": 2.98,
          "stop": 19360.94,
          "target": 19398.91,
          "targetKind": "DAY_HIGH",
          "variantId": "R1.2-V2.0",
          "volMult": 4.4,
        },
        "symbol": "SYNTH",
      },
    ],
    "variant": "R1.2-V2.0",
  },
  {
    "stats": {
      "avgNetR": -0.742,
      "maxDrawdownR": 11.137,
      "profitFactor": 0.221,
      "totalNetR": -11.137,
      "trades": 15,
      "winRate": 0.133,
    },
    "trades": [
      {
        "date": "2026-01-16",
        "decidedAt": "2026-01-16T06:30:00.000Z",
        "exit": "STOP",
        "exitAt": "2026-01-16T07:45:00.000Z",
        "exitPrice": 20093.46,
        "grossR": -1,
        "hour": 12,
        "netR": -1.1,
        "signal": {
          "atr": 20.33,
          "barTime": 1768544100000,
          "closeLocation": 0.1,
          "direction": "BULLISH",
          "entry": 20109.200843395665,
          "levelKind": "OPENING_RANGE_LOW",
          "levelPrice": 20098.54,
          "quality": 91,
          "rUnderlying": 2.74,
          "rangeMult": 2.66,
          "stop": 20093.46,
          "target": 20152.31,
          "targetKind": "PREV_DAY_HIGH",
          "variantId": "R1.5-V1.5",
          "volMult": 4.26,
        },
        "symbol": "SYNTH",
      },
      {
        "date": "2026-01-28",
        "decidedAt": "2026-01-28T05:30:00.000Z",
        "exit": "STOP",
        "exitAt": "2026-01-28T05:45:00.000Z",
        "exitPrice": 20150.94,
        "grossR": -1,
        "hour": 11,
        "netR": -1.1,
        "signal": {
          "atr": 20.34,
          "barTime": 1769577300000,
          "closeLocation": 0.14,
          "direction": "BEARISH",
          "entry": 20140.77084282413,
          "levelKind": "DAY_LOW",
          "levelPrice": 20144.69,
          "quality": 92,
          "rUnderlying": 2.54,
          "rangeMult": 4.3,
          "stop": 20150.94,
          "target": 20114.94,
          "targetKind": "PIVOT_S1",
          "variantId": "R1.5-V1.5",
          "volMult": 4.63,
        },
        "symbol": "SYNTH",
      },
      {
        "date": "2026-01-30",
        "decidedAt": "2026-01-30T06:45:00.000Z",
        "exit": "STOP",
        "exitAt": "2026-01-30T08:00:00.000Z",
        "exitPrice": 20161.11,
        "grossR": -1,
        "hour": 12,
        "netR": -1.1,
        "signal": {
          "atr": 23.03,
          "barTime": 1769754600000,
          "closeLocation": 0.05,
          "direction": "BEARISH",
          "entry": 20146.561659881845,
          "levelKind": "PIVOT_R1",
          "levelPrice": 20155.35,
          "quality": 94,
          "rUnderlying": 2.63,
          "rangeMult": 3.46,
          "stop": 20161.11,
          "target": 20108.33,
          "targetKind": "OPENING_RANGE_HIGH",
          "variantId": "R1.5-V1.5",
          "volMult": 4.12,
        },
        "symbol": "SYNTH",
      },
      {
        "date": "2026-01-30",
        "decidedAt": "2026-01-30T08:15:00.000Z",
        "exit": "SESSION_END",
        "exitAt": "2026-01-30T10:00:00.000Z",
        "exitPrice": 20064.039747286588,
        "grossR": 1.561,
        "hour": 13,
        "netR": 1.461,
        "signal": {
          "atr": 26.31,
          "barTime": 1769760000000,
          "closeLocation": 0.09,
          "direction": "BEARISH",
          "entry": 20095.04951186478,
          "levelKind": "OPENING_RANGE_HIGH",
          "levelPrice": 20108.33,
          "quality": 91,
          "rUnderlying": 2.97,
          "rangeMult": 2.61,
          "stop": 20114.91,
          "target": 20036.08,
          "targetKind": "PREV_DAY_LOW",
          "variantId": "R1.5-V1.5",
          "volMult": 4.07,
        },
        "symbol": "SYNTH",
      },
      {
        "date": "2026-02-12",
        "decidedAt": "2026-02-12T07:45:00.000Z",
        "exit": "STOP",
        "exitAt": "2026-02-12T09:15:00.000Z",
        "exitPrice": 20149.74,
        "grossR": -1,
        "hour": 13,
        "netR": -1.1,
        "signal": {
          "atr": 21.67,
          "barTime": 1770881400000,
          "closeLocation": 0.07,
          "direction": "BULLISH",
          "entry": 20171.584055600688,
          "levelKind": "PIVOT_S1",
          "levelPrice": 20155.16,
          "quality": 87,
          "rUnderlying": 1.78,
          "rangeMult": 1.82,
          "stop": 20149.74,
          "target": 20210.51,
          "targetKind": "OPENING_RANGE_HIGH",
          "variantId": "R1.5-V1.5",
          "volMult": 4.66,
        },
        "symbol": "SYNTH",
      },
      {
        "date": "2026-02-16",
        "decidedAt": "2026-02-16T06:00:00.000Z",
        "exit": "STOP",
        "exitAt": "2026-02-16T06:15:00.000Z",
        "exitPrice": 20043.52,
        "grossR": -1,
        "hour": 11,
        "netR": -1.1,
        "signal": {
          "atr": 25.28,
          "barTime": 1771220700000,
          "closeLocation": 0.15,
          "direction": "BEARISH",
          "entry": 20024.660653313622,
          "levelKind": "PREV_DAY_LOW",
          "levelPrice": 20037.2,
          "quality": 90,
          "rUnderlying": 1.53,
          "rangeMult": 2.76,
          "stop": 20043.52,
          "target": 19995.79,
          "targetKind": "PIVOT_S1",
          "variantId": "R1.5-V1.5",
          "volMult": 4.72,
        },
        "symbol": "SYNTH",
      },
      {
        "date": "2026-02-19",
        "decidedAt": "2026-02-19T07:15:00.000Z",
        "exit": "STOP",
        "exitAt": "2026-02-19T07:45:00.000Z",
        "exitPrice": 19781.73,
        "grossR": -1,
        "hour": 12,
        "netR": -1.1,
        "signal": {
          "atr": 22.12,
          "barTime": 1771484400000,
          "closeLocation": 0.13,
          "direction": "BULLISH",
          "entry": 19795.00267645344,
          "levelKind": "PIVOT_S1",
          "levelPrice": 19787.27,
          "quality": 92,
          "rUnderlying": 2.75,
          "rangeMult": 3.26,
          "stop": 19781.73,
          "target": 19831.51,
          "targetKind": "OPENING_RANGE_HIGH",
          "variantId": "R1.5-V1.5",
          "volMult": 4.9,
        },
        "symbol": "SYNTH",
      },
      {
        "date": "2026-02-23",
        "decidedAt": "2026-02-23T06:15:00.000Z",
        "exit": "STOP",
        "exitAt": "2026-02-23T06:30:00.000Z",
        "exitPrice": 19768.22,
        "grossR": -1,
        "hour": 11,
        "netR": -1.1,
        "signal": {
          "atr": 25.62,
          "barTime": 1771826400000,
          "closeLocation": 0.1,
          "direction": "BULLISH",
          "entry": 19781.02836525999,
          "levelKind": "OPENING_RANGE_LOW",
          "levelPrice": 19777.84,
          "quality": 93,
          "rUnderlying": 1.78,
          "rangeMult": 3.17,
          "stop": 19768.22,
          "target": 19803.78,
          "targetKind": "OPENING_RANGE_HIGH",
          "variantId": "R1.5-V1.5",
          "volMult": 3.91,
        },
        "symbol": "SYNTH",
      },
      {
        "date": "2026-02-24",
        "decidedAt": "2026-02-24T08:00:00.000Z",
        "exit": "TARGET",
        "exitAt": "2026-02-24T08:30:00.000Z",
        "exitPrice": 19746.51,
        "grossR": 1.802,
        "hour": 13,
        "netR": 1.702,
        "signal": {
          "atr": 23.22,
          "barTime": 1771919100000,
          "closeLocation": 0.2,
          "direction": "BULLISH",
          "entry": 19721.660749623552,
          "levelKind": "SWING_LOW",
          "levelPrice": 19713.67,
          "quality": 87,
          "rUnderlying": 1.8,
          "rangeMult": 2.42,
          "stop": 19707.87,
          "target": 19746.51,
          "targetKind": "SWING_HIGH",
          "variantId": "R1.5-V1.5",
          "volMult": 3.19,
        },
        "symbol": "SYNTH",
      },
      {
        "date": "2026-02-26",
        "decidedAt": "2026-02-26T04:45:00.000Z",
        "exit": "STOP",
        "exitAt": "2026-02-26T07:45:00.000Z",
        "exitPrice": 19547.99,
        "grossR": -1,
        "hour": 10,
        "netR": -1.1,
        "signal": {
          "atr": 25.75,
          "barTime": 1772080200000,
          "closeLocation": 0.07,
          "direction": "BULLISH",
          "entry": 19575.540895005688,
          "levelKind": "OPENING_RANGE_HIGH",
          "levelPrice": 19554.43,
          "quality": 89,
          "rUnderlying": 1.67,
          "rangeMult": 2.2,
          "stop": 19547.99,
          "target": 19621.47,
          "targetKind": "SWING_LOW",
          "variantId": "R1.5-V1.5",
          "volMult": 4.07,
        },
        "symbol": "SYNTH",
      },
      {
        "date": "2026-03-02",
        "decidedAt": "2026-03-02T07:30:00.000Z",
        "exit": "STOP",
        "exitAt": "2026-03-02T08:45:00.000Z",
        "exitPrice": 19542.24,
        "grossR": -1,
        "hour": 13,
        "netR": -1.1,
        "signal": {
          "atr": 21.39,
          "barTime": 1772435700000,
          "closeLocation": 0.25,
          "direction": "BULLISH",
          "entry": 19555.39928412065,
          "levelKind": "OPENING_RANGE_LOW",
          "levelPrice": 19547.59,
          "quality": 84,
          "rUnderlying": 2.55,
          "rangeMult": 2.15,
          "stop": 19542.24,
          "target": 19589.01,
          "targetKind": "OPENING_RANGE_HIGH",
          "variantId": "R1.5-V1.5",
          "volMult": 3.83,
        },
        "symbol": "SYNTH",
      },
      {
        "date": "2026-03-09",
        "decidedAt": "2026-03-09T05:15:00.000Z",
        "exit": "STOP",
        "exitAt": "2026-03-09T05:30:00.000Z",
        "exitPrice": 19734.94,
        "grossR": -1,
        "hour": 10,
        "netR": -1.1,
        "signal": {
          "atr": 22.67,
          "barTime": 1773032400000,
          "closeLocation": 0.08,
          "direction": "BEARISH",
          "entry": 19719.37512487173,
          "levelKind": "DAY_LOW",
          "levelPrice": 19729.27,
          "quality": 88,
          "rUnderlying": 3.82,
          "rangeMult": 2.04,
          "stop": 19734.94,
          "target": 19659.97,
          "targetKind": "PIVOT_S1",
          "variantId": "R1.5-V1.5",
          "volMult": 4.12,
        },
        "symbol": "SYNTH",
      },
      {
        "date": "2026-03-10",
        "decidedAt": "2026-03-10T04:45:00.000Z",
        "exit": "STOP",
        "exitAt": "2026-03-10T06:30:00.000Z",
        "exitPrice": 19617.73,
        "grossR": -1,
        "hour": 10,
        "netR": -1.1,
        "signal": {
          "atr": 23.82,
          "barTime": 1773117000000,
          "closeLocation": 0.12,
          "direction": "BULLISH",
          "entry": 19647.162160761654,
          "levelKind": "SWING_HIGH",
          "levelPrice": 19623.69,
          "quality": 87,
          "rUnderlying": 2.33,
          "rangeMult": 2.16,
          "stop": 19617.73,
          "target": 19715.84,
          "targetKind": "PIVOT_R1",
          "variantId": "R1.5-V1.5",
          "volMult": 4.3,
        },
        "symbol": "SYNTH",
      },
      {
        "date": "2026-03-24",
        "decidedAt": "2026-03-24T09:00:00.000Z",
        "exit": "STOP",
        "exitAt": "2026-03-24T09:15:00.000Z",
        "exitPrice": 19238.79,
        "grossR": -1,
        "hour": 14,
        "netR": -1.1,
        "signal": {
          "atr": 24.29,
          "barTime": 1774341900000,
          "closeLocation": 0.07,
          "direction": "BEARISH",
          "entry": 19223.834954379126,
          "levelKind": "DAY_LOW",
          "levelPrice": 19232.72,
          "quality": 93,
          "rUnderlying": 2.1,
          "rangeMult": 3.23,
          "stop": 19238.79,
          "target": 19192.43,
          "targetKind": "PREV_DAY_LOW",
          "variantId": "R1.5-V1.5",
          "volMult": 4.75,
        },
        "symbol": "SYNTH",
      },
      {
        "date": "2026-03-27",
        "decidedAt": "2026-03-27T08:45:00.000Z",
        "exit": "STOP",
        "exitAt": "2026-03-27T09:00:00.000Z",
        "exitPrice": 19360.94,
        "grossR": -1,
        "hour": 14,
        "netR": -1.1,
        "signal": {
          "atr": 19.19,
          "barTime": 1774600200000,
          "closeLocation": 0.17,
          "direction": "BULLISH",
          "entry": 19373.70217444375,
          "levelKind": "OPENING_RANGE_LOW",
          "levelPrice": 19365.73,
          "quality": 91,
          "rUnderlying": 1.97,
          "rangeMult": 2.98,
          "stop": 19360.94,
          "target": 19398.91,
          "targetKind": "DAY_HIGH",
          "variantId": "R1.5-V1.5",
          "volMult": 4.4,
        },
        "symbol": "SYNTH",
      },
    ],
    "variant": "R1.5-V1.5",
  },
  {
    "stats": {
      "avgNetR": -0.742,
      "maxDrawdownR": 11.137,
      "profitFactor": 0.221,
      "totalNetR": -11.137,
      "trades": 15,
      "winRate": 0.133,
    },
    "trades": [
      {
        "date": "2026-01-16",
        "decidedAt": "2026-01-16T06:30:00.000Z",
        "exit": "STOP",
        "exitAt": "2026-01-16T07:45:00.000Z",
        "exitPrice": 20093.46,
        "grossR": -1,
        "hour": 12,
        "netR": -1.1,
        "signal": {
          "atr": 20.33,
          "barTime": 1768544100000,
          "closeLocation": 0.1,
          "direction": "BULLISH",
          "entry": 20109.200843395665,
          "levelKind": "OPENING_RANGE_LOW",
          "levelPrice": 20098.54,
          "quality": 91,
          "rUnderlying": 2.74,
          "rangeMult": 2.66,
          "stop": 20093.46,
          "target": 20152.31,
          "targetKind": "PREV_DAY_HIGH",
          "variantId": "R1.5-V2.0",
          "volMult": 4.26,
        },
        "symbol": "SYNTH",
      },
      {
        "date": "2026-01-28",
        "decidedAt": "2026-01-28T05:30:00.000Z",
        "exit": "STOP",
        "exitAt": "2026-01-28T05:45:00.000Z",
        "exitPrice": 20150.94,
        "grossR": -1,
        "hour": 11,
        "netR": -1.1,
        "signal": {
          "atr": 20.34,
          "barTime": 1769577300000,
          "closeLocation": 0.14,
          "direction": "BEARISH",
          "entry": 20140.77084282413,
          "levelKind": "DAY_LOW",
          "levelPrice": 20144.69,
          "quality": 92,
          "rUnderlying": 2.54,
          "rangeMult": 4.3,
          "stop": 20150.94,
          "target": 20114.94,
          "targetKind": "PIVOT_S1",
          "variantId": "R1.5-V2.0",
          "volMult": 4.63,
        },
        "symbol": "SYNTH",
      },
      {
        "date": "2026-01-30",
        "decidedAt": "2026-01-30T06:45:00.000Z",
        "exit": "STOP",
        "exitAt": "2026-01-30T08:00:00.000Z",
        "exitPrice": 20161.11,
        "grossR": -1,
        "hour": 12,
        "netR": -1.1,
        "signal": {
          "atr": 23.03,
          "barTime": 1769754600000,
          "closeLocation": 0.05,
          "direction": "BEARISH",
          "entry": 20146.561659881845,
          "levelKind": "PIVOT_R1",
          "levelPrice": 20155.35,
          "quality": 94,
          "rUnderlying": 2.63,
          "rangeMult": 3.46,
          "stop": 20161.11,
          "target": 20108.33,
          "targetKind": "OPENING_RANGE_HIGH",
          "variantId": "R1.5-V2.0",
          "volMult": 4.12,
        },
        "symbol": "SYNTH",
      },
      {
        "date": "2026-01-30",
        "decidedAt": "2026-01-30T08:15:00.000Z",
        "exit": "SESSION_END",
        "exitAt": "2026-01-30T10:00:00.000Z",
        "exitPrice": 20064.039747286588,
        "grossR": 1.561,
        "hour": 13,
        "netR": 1.461,
        "signal": {
          "atr": 26.31,
          "barTime": 1769760000000,
          "closeLocation": 0.09,
          "direction": "BEARISH",
          "entry": 20095.04951186478,
          "levelKind": "OPENING_RANGE_HIGH",
          "levelPrice": 20108.33,
          "quality": 91,
          "rUnderlying": 2.97,
          "rangeMult": 2.61,
          "stop": 20114.91,
          "target": 20036.08,
          "targetKind": "PREV_DAY_LOW",
          "variantId": "R1.5-V2.0",
          "volMult": 4.07,
        },
        "symbol": "SYNTH",
      },
      {
        "date": "2026-02-12",
        "decidedAt": "2026-02-12T07:45:00.000Z",
        "exit": "STOP",
        "exitAt": "2026-02-12T09:15:00.000Z",
        "exitPrice": 20149.74,
        "grossR": -1,
        "hour": 13,
        "netR": -1.1,
        "signal": {
          "atr": 21.67,
          "barTime": 1770881400000,
          "closeLocation": 0.07,
          "direction": "BULLISH",
          "entry": 20171.584055600688,
          "levelKind": "PIVOT_S1",
          "levelPrice": 20155.16,
          "quality": 87,
          "rUnderlying": 1.78,
          "rangeMult": 1.82,
          "stop": 20149.74,
          "target": 20210.51,
          "targetKind": "OPENING_RANGE_HIGH",
          "variantId": "R1.5-V2.0",
          "volMult": 4.66,
        },
        "symbol": "SYNTH",
      },
      {
        "date": "2026-02-16",
        "decidedAt": "2026-02-16T06:00:00.000Z",
        "exit": "STOP",
        "exitAt": "2026-02-16T06:15:00.000Z",
        "exitPrice": 20043.52,
        "grossR": -1,
        "hour": 11,
        "netR": -1.1,
        "signal": {
          "atr": 25.28,
          "barTime": 1771220700000,
          "closeLocation": 0.15,
          "direction": "BEARISH",
          "entry": 20024.660653313622,
          "levelKind": "PREV_DAY_LOW",
          "levelPrice": 20037.2,
          "quality": 90,
          "rUnderlying": 1.53,
          "rangeMult": 2.76,
          "stop": 20043.52,
          "target": 19995.79,
          "targetKind": "PIVOT_S1",
          "variantId": "R1.5-V2.0",
          "volMult": 4.72,
        },
        "symbol": "SYNTH",
      },
      {
        "date": "2026-02-19",
        "decidedAt": "2026-02-19T07:15:00.000Z",
        "exit": "STOP",
        "exitAt": "2026-02-19T07:45:00.000Z",
        "exitPrice": 19781.73,
        "grossR": -1,
        "hour": 12,
        "netR": -1.1,
        "signal": {
          "atr": 22.12,
          "barTime": 1771484400000,
          "closeLocation": 0.13,
          "direction": "BULLISH",
          "entry": 19795.00267645344,
          "levelKind": "PIVOT_S1",
          "levelPrice": 19787.27,
          "quality": 92,
          "rUnderlying": 2.75,
          "rangeMult": 3.26,
          "stop": 19781.73,
          "target": 19831.51,
          "targetKind": "OPENING_RANGE_HIGH",
          "variantId": "R1.5-V2.0",
          "volMult": 4.9,
        },
        "symbol": "SYNTH",
      },
      {
        "date": "2026-02-23",
        "decidedAt": "2026-02-23T06:15:00.000Z",
        "exit": "STOP",
        "exitAt": "2026-02-23T06:30:00.000Z",
        "exitPrice": 19768.22,
        "grossR": -1,
        "hour": 11,
        "netR": -1.1,
        "signal": {
          "atr": 25.62,
          "barTime": 1771826400000,
          "closeLocation": 0.1,
          "direction": "BULLISH",
          "entry": 19781.02836525999,
          "levelKind": "OPENING_RANGE_LOW",
          "levelPrice": 19777.84,
          "quality": 92,
          "rUnderlying": 1.78,
          "rangeMult": 3.17,
          "stop": 19768.22,
          "target": 19803.78,
          "targetKind": "OPENING_RANGE_HIGH",
          "variantId": "R1.5-V2.0",
          "volMult": 3.91,
        },
        "symbol": "SYNTH",
      },
      {
        "date": "2026-02-24",
        "decidedAt": "2026-02-24T08:00:00.000Z",
        "exit": "TARGET",
        "exitAt": "2026-02-24T08:30:00.000Z",
        "exitPrice": 19746.51,
        "grossR": 1.802,
        "hour": 13,
        "netR": 1.702,
        "signal": {
          "atr": 23.22,
          "barTime": 1771919100000,
          "closeLocation": 0.2,
          "direction": "BULLISH",
          "entry": 19721.660749623552,
          "levelKind": "SWING_LOW",
          "levelPrice": 19713.67,
          "quality": 84,
          "rUnderlying": 1.8,
          "rangeMult": 2.42,
          "stop": 19707.87,
          "target": 19746.51,
          "targetKind": "SWING_HIGH",
          "variantId": "R1.5-V2.0",
          "volMult": 3.19,
        },
        "symbol": "SYNTH",
      },
      {
        "date": "2026-02-26",
        "decidedAt": "2026-02-26T04:45:00.000Z",
        "exit": "STOP",
        "exitAt": "2026-02-26T07:45:00.000Z",
        "exitPrice": 19547.99,
        "grossR": -1,
        "hour": 10,
        "netR": -1.1,
        "signal": {
          "atr": 25.75,
          "barTime": 1772080200000,
          "closeLocation": 0.07,
          "direction": "BULLISH",
          "entry": 19575.540895005688,
          "levelKind": "OPENING_RANGE_HIGH",
          "levelPrice": 19554.43,
          "quality": 89,
          "rUnderlying": 1.67,
          "rangeMult": 2.2,
          "stop": 19547.99,
          "target": 19621.47,
          "targetKind": "SWING_LOW",
          "variantId": "R1.5-V2.0",
          "volMult": 4.07,
        },
        "symbol": "SYNTH",
      },
      {
        "date": "2026-03-02",
        "decidedAt": "2026-03-02T07:30:00.000Z",
        "exit": "STOP",
        "exitAt": "2026-03-02T08:45:00.000Z",
        "exitPrice": 19542.24,
        "grossR": -1,
        "hour": 13,
        "netR": -1.1,
        "signal": {
          "atr": 21.39,
          "barTime": 1772435700000,
          "closeLocation": 0.25,
          "direction": "BULLISH",
          "entry": 19555.39928412065,
          "levelKind": "OPENING_RANGE_LOW",
          "levelPrice": 19547.59,
          "quality": 84,
          "rUnderlying": 2.55,
          "rangeMult": 2.15,
          "stop": 19542.24,
          "target": 19589.01,
          "targetKind": "OPENING_RANGE_HIGH",
          "variantId": "R1.5-V2.0",
          "volMult": 3.83,
        },
        "symbol": "SYNTH",
      },
      {
        "date": "2026-03-09",
        "decidedAt": "2026-03-09T05:15:00.000Z",
        "exit": "STOP",
        "exitAt": "2026-03-09T05:30:00.000Z",
        "exitPrice": 19734.94,
        "grossR": -1,
        "hour": 10,
        "netR": -1.1,
        "signal": {
          "atr": 22.67,
          "barTime": 1773032400000,
          "closeLocation": 0.08,
          "direction": "BEARISH",
          "entry": 19719.37512487173,
          "levelKind": "DAY_LOW",
          "levelPrice": 19729.27,
          "quality": 88,
          "rUnderlying": 3.82,
          "rangeMult": 2.04,
          "stop": 19734.94,
          "target": 19659.97,
          "targetKind": "PIVOT_S1",
          "variantId": "R1.5-V2.0",
          "volMult": 4.12,
        },
        "symbol": "SYNTH",
      },
      {
        "date": "2026-03-10",
        "decidedAt": "2026-03-10T04:45:00.000Z",
        "exit": "STOP",
        "exitAt": "2026-03-10T06:30:00.000Z",
        "exitPrice": 19617.73,
        "grossR": -1,
        "hour": 10,
        "netR": -1.1,
        "signal": {
          "atr": 23.82,
          "barTime": 1773117000000,
          "closeLocation": 0.12,
          "direction": "BULLISH",
          "entry": 19647.162160761654,
          "levelKind": "SWING_HIGH",
          "levelPrice": 19623.69,
          "quality": 87,
          "rUnderlying": 2.33,
          "rangeMult": 2.16,
          "stop": 19617.73,
          "target": 19715.84,
          "targetKind": "PIVOT_R1",
          "variantId": "R1.5-V2.0",
          "volMult": 4.3,
        },
        "symbol": "SYNTH",
      },
      {
        "date": "2026-03-24",
        "decidedAt": "2026-03-24T09:00:00.000Z",
        "exit": "STOP",
        "exitAt": "2026-03-24T09:15:00.000Z",
        "exitPrice": 19238.79,
        "grossR": -1,
        "hour": 14,
        "netR": -1.1,
        "signal": {
          "atr": 24.29,
          "barTime": 1774341900000,
          "closeLocation": 0.07,
          "direction": "BEARISH",
          "entry": 19223.834954379126,
          "levelKind": "DAY_LOW",
          "levelPrice": 19232.72,
          "quality": 93,
          "rUnderlying": 2.1,
          "rangeMult": 3.23,
          "stop": 19238.79,
          "target": 19192.43,
          "targetKind": "PREV_DAY_LOW",
          "variantId": "R1.5-V2.0",
          "volMult": 4.75,
        },
        "symbol": "SYNTH",
      },
      {
        "date": "2026-03-27",
        "decidedAt": "2026-03-27T08:45:00.000Z",
        "exit": "STOP",
        "exitAt": "2026-03-27T09:00:00.000Z",
        "exitPrice": 19360.94,
        "grossR": -1,
        "hour": 14,
        "netR": -1.1,
        "signal": {
          "atr": 19.19,
          "barTime": 1774600200000,
          "closeLocation": 0.17,
          "direction": "BULLISH",
          "entry": 19373.70217444375,
          "levelKind": "OPENING_RANGE_LOW",
          "levelPrice": 19365.73,
          "quality": 91,
          "rUnderlying": 1.97,
          "rangeMult": 2.98,
          "stop": 19360.94,
          "target": 19398.91,
          "targetKind": "DAY_HIGH",
          "variantId": "R1.5-V2.0",
          "volMult": 4.4,
        },
        "symbol": "SYNTH",
      },
    ],
    "variant": "R1.5-V2.0",
  },
]
`;
